=== 敬語（丁寧語）変換 テスト結果 ===
[元の文] 明日行くね。
[変換後] 明日行きますね。
----------------------------
[元の文] それは高かった。
[変換後] それは高かったです。
----------------------------
[元の文] ゲームで遊ぶよ
[変換後] ゲームで遊びますよ
----------------------------
[元の文] 彼は学生ではない。
[変換後] 彼は学生ではありません。
----------------------------
[元の文] リンゴを食べる。
[変換後] リンゴを食べます。
----------------------------
[元の文] 早く走るが、すぐ疲れる。
[変換後] 早く走ますが、すぐ疲れます。
----------------------------
[元の文] 今日はいかない。
[変換後] 今日はいかないです。
----------------------------
[元の文] これはペンだ。
[変換後] これはペンです。
----------------------------
[元の文] 君はプログラマーじゃない
[変換後] 君はプログラマーじゃないです
----------------------------
[元の文] 昨日お寿司を食べた
[変換後] 昨日お寿司を食べました
----------------------------
